miracl-ita   ndcg@10      ItColBERT - bge-m3 = -0.0372 [-0.0557, -0.0198] p=0.0000  SIGNIFICANT  (n=799)
miracl-ita   mrr@10       ItColBERT - bge-m3 = -0.0421 [-0.0669, -0.0186] p=0.0015  SIGNIFICANT  (n=799)
miracl-ita   ndcg@10      ItColBERT - BM25 = +0.1678 [+0.1455, +0.1882] p=0.0000  SIGNIFICANT  (n=799)
miracl-ita   mrr@10       ItColBERT - BM25 = +0.1874 [+0.1582, +0.2141] p=0.0000  SIGNIFICANT  (n=799)
miracl-ita   ndcg@10      ItColBERT - ColBERT-XM = +0.0935 [+0.0747, +0.1104] p=0.0000  SIGNIFICANT  (n=799)
miracl-ita   mrr@10       ItColBERT - ColBERT-XM = +0.1191 [+0.0935, +0.1434] p=0.0000  SIGNIFICANT  (n=799)
miracl-ita   ndcg@10      ItColBERT - Ita-Search = +0.1785 [+0.1553, +0.2010] p=0.0000  SIGNIFICANT  (n=799)
miracl-ita   mrr@10       ItColBERT - Ita-Search = +0.1399 [+0.1098, +0.1683] p=0.0000  SIGNIFICANT  (n=799)
miracl-ita   ndcg@10      ItColBERT - Italian-ModernBERT-base (mean-pool) = +0.6832 [+0.6611, +0.7034] p=0.0000  SIGNIFICANT  (n=799)
miracl-ita   mrr@10       ItColBERT - Italian-ModernBERT-base (mean-pool) = +0.6928 [+0.6637, +0.7191] p=0.0000  SIGNIFICANT  (n=799)
miracl-ita   ndcg@10      ItColBERT - Italian-ModernBERT-mmarco-mnrl = +0.1776 [+0.1566, +0.1981] p=0.0000  SIGNIFICANT  (n=799)
miracl-ita   mrr@10       ItColBERT - Italian-ModernBERT-mmarco-mnrl = +0.1556 [+0.1280, +0.1802] p=0.0000  SIGNIFICANT  (n=799)
miracl-ita   ndcg@10      ItColBERT - ItColBERT (phase1-only) = +0.0291 [+0.0187, +0.0395] p=0.0000  SIGNIFICANT  (n=799)
miracl-ita   mrr@10       ItColBERT - ItColBERT (phase1-only) = +0.0372 [+0.0223, +0.0527] p=0.0000  SIGNIFICANT  (n=799)
miracl-ita   ndcg@10      ItColBERT - jina-colbert-v2 = -0.0560 [-0.0739, -0.0385] p=0.0000  SIGNIFICANT  (n=799)
miracl-ita   mrr@10       ItColBERT - jina-colbert-v2 = -0.0543 [-0.0773, -0.0314] p=0.0000  SIGNIFICANT  (n=799)
miracl-ita   ndcg@10      ItColBERT - mLateOn = -0.0685 [-0.0849, -0.0529] p=0.0000  SIGNIFICANT  (n=799)
miracl-ita   mrr@10       ItColBERT - mLateOn = -0.0623 [-0.0824, -0.0415] p=0.0000  SIGNIFICANT  (n=799)
miracl-ita   ndcg@10      ItColBERT - multilingual-e5-base = -0.0175 [-0.0359, +0.0001] p=0.0610  not significant  (n=799)
miracl-ita   mrr@10       ItColBERT - multilingual-e5-base = -0.0184 [-0.0431, +0.0055] p=0.1365  not significant  (n=799)
miracl-ita   ndcg@10      ItColBERT - multilingual-e5-large = -0.0459 [-0.0645, -0.0284] p=0.0000  SIGNIFICANT  (n=799)
miracl-ita   mrr@10       ItColBERT - multilingual-e5-large = -0.0582 [-0.0817, -0.0350] p=0.0000  SIGNIFICANT  (n=799)
miracl-ita   ndcg@10      ItColBERT - SauerkrautLM-Multi-ModernColBERT = +0.1199 [+0.0995, +0.1396] p=0.0000  SIGNIFICANT  (n=799)
miracl-ita   mrr@10       ItColBERT - SauerkrautLM-Multi-ModernColBERT = +0.1228 [+0.0969, +0.1483] p=0.0000  SIGNIFICANT  (n=799)

mldr-it      ndcg@10      ItColBERT - bge-m3 = -0.0524 [-0.0967, -0.0087] p=0.0225  SIGNIFICANT  (n=200)
mldr-it      mrr@10       ItColBERT - bge-m3 = -0.0619 [-0.1087, -0.0152] p=0.0090  SIGNIFICANT  (n=200)
mldr-it      ndcg@10      ItColBERT - BM25 = -0.0843 [-0.1430, -0.0255] p=0.0060  SIGNIFICANT  (n=200)
mldr-it      mrr@10       ItColBERT - BM25 = -0.0818 [-0.1424, -0.0196] p=0.0110  SIGNIFICANT  (n=200)
mldr-it      ndcg@10      ItColBERT - ColBERT-XM = +0.1274 [+0.0818, +0.1747] p=0.0000  SIGNIFICANT  (n=200)
mldr-it      mrr@10       ItColBERT - ColBERT-XM = +0.1202 [+0.0731, +0.1680] p=0.0000  SIGNIFICANT  (n=200)
mldr-it      ndcg@10      ItColBERT - Ita-Search = +0.2113 [+0.1464, +0.2749] p=0.0000  SIGNIFICANT  (n=200)
mldr-it      mrr@10       ItColBERT - Ita-Search = +0.1936 [+0.1278, +0.2581] p=0.0000  SIGNIFICANT  (n=200)
mldr-it      ndcg@10      ItColBERT - Italian-ModernBERT-base (mean-pool) = +0.3972 [+0.3380, +0.4563] p=0.0000  SIGNIFICANT  (n=200)
mldr-it      mrr@10       ItColBERT - Italian-ModernBERT-base (mean-pool) = +0.3580 [+0.2987, +0.4174] p=0.0000  SIGNIFICANT  (n=200)
mldr-it      ndcg@10      ItColBERT - Italian-ModernBERT-mmarco-mnrl = +0.0988 [+0.0476, +0.1508] p=0.0000  SIGNIFICANT  (n=200)
mldr-it      mrr@10       ItColBERT - Italian-ModernBERT-mmarco-mnrl = +0.0768 [+0.0248, +0.1304] p=0.0070  SIGNIFICANT  (n=200)
mldr-it      ndcg@10      ItColBERT - ItColBERT (phase1-only) = +0.0524 [+0.0264, +0.0796] p=0.0000  SIGNIFICANT  (n=200)
mldr-it      mrr@10       ItColBERT - ItColBERT (phase1-only) = +0.0535 [+0.0266, +0.0815] p=0.0000  SIGNIFICANT  (n=200)
mldr-it      ndcg@10      ItColBERT - jina-colbert-v2 = +0.0150 [-0.0295, +0.0580] p=0.5065  not significant  (n=200)
mldr-it      mrr@10       ItColBERT - jina-colbert-v2 = +0.0169 [-0.0290, +0.0619] p=0.4700  not significant  (n=200)
mldr-it      ndcg@10      ItColBERT - mLateOn = -0.0615 [-0.1061, -0.0189] p=0.0070  SIGNIFICANT  (n=200)
mldr-it      mrr@10       ItColBERT - mLateOn = -0.0651 [-0.1117, -0.0195] p=0.0050  SIGNIFICANT  (n=200)
mldr-it      ndcg@10      ItColBERT - multilingual-e5-base = -0.0280 [-0.0715, +0.0146] p=0.2005  not significant  (n=200)
mldr-it      mrr@10       ItColBERT - multilingual-e5-base = -0.0398 [-0.0856, +0.0063] p=0.0925  not significant  (n=200)
mldr-it      ndcg@10      ItColBERT - multilingual-e5-large = -0.0303 [-0.0742, +0.0119] p=0.1700  not significant  (n=200)
mldr-it      mrr@10       ItColBERT - multilingual-e5-large = -0.0376 [-0.0827, +0.0072] p=0.1005  not significant  (n=200)
mldr-it      ndcg@10      ItColBERT - SauerkrautLM-Multi-ModernColBERT = +0.0886 [+0.0400, +0.1349] p=0.0000  SIGNIFICANT  (n=200)
mldr-it      mrr@10       ItColBERT - SauerkrautLM-Multi-ModernColBERT = +0.0846 [+0.0364, +0.1318] p=0.0000  SIGNIFICANT  (n=200)

mmarco-it    ndcg@10      ItColBERT - bge-m3 = -0.0597 [-0.0667, -0.0532] p=0.0000  SIGNIFICANT  (n=6980)
mmarco-it    mrr@10       ItColBERT - bge-m3 = -0.0616 [-0.0691, -0.0540] p=0.0000  SIGNIFICANT  (n=6980)
mmarco-it    ndcg@10      ItColBERT - BM25 = +0.1410 [+0.1318, +0.1499] p=0.0000  SIGNIFICANT  (n=6980)
mmarco-it    mrr@10       ItColBERT - BM25 = +0.1481 [+0.1382, +0.1579] p=0.0000  SIGNIFICANT  (n=6980)
mmarco-it    ndcg@10      ItColBERT - ColBERT-XM = +0.0533 [+0.0455, +0.0608] p=0.0000  SIGNIFICANT  (n=6980)
mmarco-it    mrr@10       ItColBERT - ColBERT-XM = +0.0543 [+0.0457, +0.0631] p=0.0000  SIGNIFICANT  (n=6980)
mmarco-it    ndcg@10      ItColBERT - Ita-Search = +0.1491 [+0.1391, +0.1591] p=0.0000  SIGNIFICANT  (n=6980)
mmarco-it    mrr@10       ItColBERT - Ita-Search = +0.1547 [+0.1441, +0.1655] p=0.0000  SIGNIFICANT  (n=6980)
mmarco-it    ndcg@10      ItColBERT - Italian-ModernBERT-base (mean-pool) = +0.7306 [+0.7217, +0.7394] p=0.0000  SIGNIFICANT  (n=6980)
mmarco-it    mrr@10       ItColBERT - Italian-ModernBERT-base (mean-pool) = +0.7023 [+0.6928, +0.7118] p=0.0000  SIGNIFICANT  (n=6980)
mmarco-it    ndcg@10      ItColBERT - Italian-ModernBERT-mmarco-mnrl = +0.2101 [+0.2013, +0.2187] p=0.0000  SIGNIFICANT  (n=6980)
mmarco-it    mrr@10       ItColBERT - Italian-ModernBERT-mmarco-mnrl = +0.2112 [+0.2019, +0.2204] p=0.0000  SIGNIFICANT  (n=6980)
mmarco-it    ndcg@10      ItColBERT - ItColBERT (phase1-only) = -0.0276 [-0.0319, -0.0232] p=0.0000  SIGNIFICANT  (n=6980)
mmarco-it    mrr@10       ItColBERT - ItColBERT (phase1-only) = -0.0288 [-0.0337, -0.0238] p=0.0000  SIGNIFICANT  (n=6980)
mmarco-it    ndcg@10      ItColBERT - jina-colbert-v2 = -0.1097 [-0.1173, -0.1022] p=0.0000  SIGNIFICANT  (n=6980)
mmarco-it    mrr@10       ItColBERT - jina-colbert-v2 = -0.1192 [-0.1274, -0.1109] p=0.0000  SIGNIFICANT  (n=6980)
mmarco-it    ndcg@10      ItColBERT - mLateOn = -0.0948 [-0.1017, -0.0881] p=0.0000  SIGNIFICANT  (n=6980)
mmarco-it    mrr@10       ItColBERT - mLateOn = -0.1010 [-0.1084, -0.0938] p=0.0000  SIGNIFICANT  (n=6980)
mmarco-it    ndcg@10      ItColBERT - multilingual-e5-base = -0.0689 [-0.0755, -0.0616] p=0.0000  SIGNIFICANT  (n=6980)
mmarco-it    mrr@10       ItColBERT - multilingual-e5-base = -0.0717 [-0.0793, -0.0638] p=0.0000  SIGNIFICANT  (n=6980)
mmarco-it    ndcg@10      ItColBERT - multilingual-e5-large = -0.0988 [-0.1062, -0.0918] p=0.0000  SIGNIFICANT  (n=6980)
mmarco-it    mrr@10       ItColBERT - multilingual-e5-large = -0.1043 [-0.1121, -0.0966] p=0.0000  SIGNIFICANT  (n=6980)
mmarco-it    ndcg@10      ItColBERT - SauerkrautLM-Multi-ModernColBERT = +0.1812 [+0.1716, +0.1905] p=0.0000  SIGNIFICANT  (n=6980)
mmarco-it    mrr@10       ItColBERT - SauerkrautLM-Multi-ModernColBERT = +0.1855 [+0.1756, +0.1952] p=0.0000  SIGNIFICANT  (n=6980)

squad-ita    ndcg@10      ItColBERT - bge-m3 = +0.0779 [+0.0719, +0.0840] p=0.0000  SIGNIFICANT  (n=7609)
squad-ita    mrr@10       ItColBERT - bge-m3 = +0.0928 [+0.0857, +0.1000] p=0.0000  SIGNIFICANT  (n=7609)
squad-ita    ndcg@10      ItColBERT - BM25 = +0.0764 [+0.0706, +0.0820] p=0.0000  SIGNIFICANT  (n=7609)
squad-ita    mrr@10       ItColBERT - BM25 = +0.0865 [+0.0800, +0.0931] p=0.0000  SIGNIFICANT  (n=7609)
squad-ita    ndcg@10      ItColBERT - ColBERT-XM = +0.0468 [+0.0420, +0.0516] p=0.0000  SIGNIFICANT  (n=7609)
squad-ita    mrr@10       ItColBERT - ColBERT-XM = +0.0529 [+0.0472, +0.0586] p=0.0000  SIGNIFICANT  (n=7609)
squad-ita    ndcg@10      ItColBERT - Ita-Search = +0.3438 [+0.3349, +0.3532] p=0.0000  SIGNIFICANT  (n=7609)
squad-ita    mrr@10       ItColBERT - Ita-Search = +0.3793 [+0.3695, +0.3894] p=0.0000  SIGNIFICANT  (n=7609)
squad-ita    ndcg@10      ItColBERT - Italian-ModernBERT-base (mean-pool) = +0.7952 [+0.7877, +0.8024] p=0.0000  SIGNIFICANT  (n=7609)
squad-ita    mrr@10       ItColBERT - Italian-ModernBERT-base (mean-pool) = +0.7974 [+0.7896, +0.8051] p=0.0000  SIGNIFICANT  (n=7609)
squad-ita    ndcg@10      ItColBERT - Italian-ModernBERT-mmarco-mnrl = +0.3450 [+0.3361, +0.3539] p=0.0000  SIGNIFICANT  (n=7609)
squad-ita    mrr@10       ItColBERT - Italian-ModernBERT-mmarco-mnrl = +0.3772 [+0.3677, +0.3869] p=0.0000  SIGNIFICANT  (n=7609)
squad-ita    ndcg@10      ItColBERT - ItColBERT (phase1-only) = -0.0015 [-0.0041, +0.0011] p=0.2800  not significant  (n=7609)
squad-ita    mrr@10       ItColBERT - ItColBERT (phase1-only) = -0.0018 [-0.0050, +0.0015] p=0.3015  not significant  (n=7609)
squad-ita    ndcg@10      ItColBERT - jina-colbert-v2 = +0.0177 [+0.0120, +0.0233] p=0.0000  SIGNIFICANT  (n=7609)
squad-ita    mrr@10       ItColBERT - jina-colbert-v2 = +0.0179 [+0.0115, +0.0242] p=0.0000  SIGNIFICANT  (n=7609)
squad-ita    ndcg@10      ItColBERT - mLateOn = -0.0455 [-0.0493, -0.0415] p=0.0000  SIGNIFICANT  (n=7609)
squad-ita    mrr@10       ItColBERT - mLateOn = -0.0532 [-0.0578, -0.0485] p=0.0000  SIGNIFICANT  (n=7609)
squad-ita    ndcg@10      ItColBERT - multilingual-e5-base = +0.0826 [+0.0765, +0.0889] p=0.0000  SIGNIFICANT  (n=7609)
squad-ita    mrr@10       ItColBERT - multilingual-e5-base = +0.0999 [+0.0926, +0.1071] p=0.0000  SIGNIFICANT  (n=7609)
squad-ita    ndcg@10      ItColBERT - multilingual-e5-large = +0.0513 [+0.0455, +0.0568] p=0.0000  SIGNIFICANT  (n=7609)
squad-ita    mrr@10       ItColBERT - multilingual-e5-large = +0.0633 [+0.0563, +0.0700] p=0.0000  SIGNIFICANT  (n=7609)
squad-ita    ndcg@10      ItColBERT - SauerkrautLM-Multi-ModernColBERT = +0.0688 [+0.0635, +0.0744] p=0.0000  SIGNIFICANT  (n=7609)
squad-ita    mrr@10       ItColBERT - SauerkrautLM-Multi-ModernColBERT = +0.0789 [+0.0724, +0.0855] p=0.0000  SIGNIFICANT  (n=7609)

